// Jest Snapshot v1, https://goo.gl/fbAQLP

exports[`GameChar GameChar component should match the snapshot 1`] = `""`;
